// Vitest Snapshot v1, https://vitest.dev/guide/snapshot.html

exports[`Card component > to match snapshot 1`] = `"<div class=\\"go425013107\\"><p>this is a text</p></div>"`;
